// Jest Snapshot v1, https://goo.gl/fbAQLP

exports[`PageHeader renders 1`] = `
<Wrapper>
  New Header
</Wrapper>
`;
